

http://www.forshee.me/2016/03/01/ubiquiti-edgerouter-lite-setup-part-1-the-basics.html
https://help.ubnt.com/hc/en-us/articles/204960084-EdgeMAX-Manage-the-configuration-file


$ configure
# set firewall all-ping enable
# set firewall broadcast-ping disable
# set firewall ipv6-receive-redirects disable
# set firewall ipv6-src-route disable
# set firewall ip-src-route disable
# set firewall log-martians enable
# set firewall receive-redirects disable
# set firewall send-redirects enable
# set firewall source-validation disable
# set firewall syn-cookies enable
# set firewall name WAN_IN default-action drop
# set firewall name WAN_IN enable-default-log
# set firewall name WAN_IN rule 1 action accept
# set firewall name WAN_IN rule 1 description "Allow established connections"
# set firewall name WAN_IN rule 1 state established enable
# set firewall name WAN_IN rule 1 state related enable
# set firewall name WAN_IN rule 2 action drop
# set firewall name WAN_IN rule 2 log enable
# set firewall name WAN_IN rule 2 description "Drop invalid state"
# set firewall name WAN_IN rule 2 state invalid enable
# set firewall name WAN_LOCAL default-action drop
# set firewall name WAN_LOCAL enable-default-log
# set firewall name WAN_LOCAL rule 1 action accept
# set firewall name WAN_LOCAL rule 1 description "Allow established connections"
# set firewall name WAN_LOCAL rule 1 state established enable
# set firewall name WAN_LOCAL rule 1 state related enable
# set firewall name WAN_LOCAL rule 2 action drop
# set firewall name WAN_LOCAL rule 2 log enable
# set firewall name WAN_LOCAL rule 2 description "Drop invalid state"
# set firewall name WAN_LOCAL rule 2 state invalid enable

# set interfaces ethernet eth0 description WAN
# set interfaces ethernet eth0 address dhcp
# set interfaces ethernet eth0 firewall in name WAN_IN
# set interfaces ethernet eth0 firewall local name WAN_LOCAL
# set service nat rule 5010 description "Masquerade for WAN"
# set service nat rule 5010 outbound-interface eth0
# set service nat rule 5010 type masquerade

# set interfaces ethernet eth2 description LAN
# set interfaces ethernet eth2 address 192.168.1.1/24
# set service dhcp-server disabled false
# set service dhcp-server shared-network-name LAN authoritative disable
# set service dhcp-server shared-network-name LAN subnet 192.168.1.0/24 default-router 192.168.1.1
# set service dhcp-server shared-network-name LAN subnet 192.168.1.0/24 dns-server 192.168.1.1
# set service dhcp-server shared-network-name LAN subnet 192.168.1.0/24 lease 86400
# set service dhcp-server shared-network-name LAN subnet 192.168.1.0/24 start 192.168.1.150 stop 192.168.1.254
# set service dns forwarding listen-on eth2

# commit
# save
# exit


$ scp ~/.ssh/id_rsa.pub <ip-of-erl>:/tmp  

$ configure  
# loadkey <user> /tmp/id_rsa.pub  
# commit  
# save  
# exit  
$ sudo chown -R <user> /home/<user>  



$ configure
# edit firewall name allow-est-drop-inv
# set default-action drop
# set enable-default-log
# set rule 1 action accept
# set rule 1 state established enable
# set rule 1 state related enable
# set rule 2 action drop
# set rule 2 log enable
# set rule 2 state invalid enable
# top


# edit firewall ipv6-name allow-est-drop-inv-6
# set default-action drop
# set enable-default-log
# set rule 1 action accept
# set rule 1 state established enable
# set rule 1 state related enable
# set rule 2 action drop
# set rule 2 log enable
# set rule 2 state invalid enable
# set rule 100 action accept
# set rule 100 protocol ipv6-icmp
# top


# edit firewall
# copy name allow-est-drop-inv to name allow-all
# set name allow-all default-action accept
# delete name allow-all enable-default-log
# top

# edit firewall
# copy name allow-est-drop-inv to name lan-local
# edit name lan-local
# set rule 100 action accept
# set rule 100 protocol icmp
# set rule 200 description "Allow HTTP/HTTPS"
# set rule 200 action accept
# set rule 200 destination port 80,443
# set rule 200 protocol tcp
# set rule 600 description "Allow DNS"
# set rule 600 action accept
# set rule 600 destination port 53
# set rule 600 protocol tcp_udp
# set rule 700 description "Allow DHCP"
# set rule 700 action accept
# set rule 700 destination port 67,68
# set rule 700 protocol udp
# set rule 800 description "Allow SSH"
# set rule 800 action accept
# set rule 800 destination port 22
# set rule 800 protocol tcp
# top


# edit zone-policy zone local

# set default-action drop

# set local-zone

# set from WAN firewall name allow-est-drop-inv
# set from WAN firewall ipv6-name allow-est-drop-inv-6
# set from LAN firewall name lan-local
# set from LAN firewall ipv6-name lan-local-6
# top


# delete interfaces ethernet eth0 firewall
# delete firewall name WAN_IN
# delete firewall name WAN_LOCAL


$ configure
# edit interfaces ethernet eth2
# set vif 10 description "Management VLAN"
# set vif 10 address 192.168.101.1/24
# top

# edit service dhcp-server shared-network-name mgmt
# set authoritative disable
# set subnet 192.168.101.0/24 default-router 192.168.101.1
# set subnet 192.168.101.0/24 dns-server 192.168.101.1
# set subnet 192.168.101.0/24 lease 86400
# set subnet 192.168.101.0/24 start 192.168.101.150 stop 192.168.101.254
# top
# set service dns forwarding listen-on eth2.1

$ configure
# edit interfaces ethernet eth0
# set dhcpv6-pd rapid-commit enable
# set dhcpv6-pd pd 1 prefix-length /56
# set dhcpv6-pd pd 1 interface eth2.1 service slaac
# set dhcpv6-pd pd 1 interface eth2.1 prefix-id 1
# set dhcpv6-pd pd 1 interface eth2.1 host-address ::1
# set dhcpv6-pd pd 1 interface eth2.2 service slaac
# set dhcpv6-pd pd 1 interface eth2.2 prefix-id 2
# set dhcpv6-pd pd 1 interface eth2.2 host-address ::1
# set dhcpv6-pd pd 1 interface eth2.3 service slaac
# set dhcpv6-pd pd 1 interface eth2.3 prefix-id 3
# set dhcpv6-pd pd 1 interface eth2.3 host-address ::1
# top


# edit interfaces ethernet eth2 vif 1
# set ipv6 address autoconf
# set ipv6 dup-addr-detect-transmits 1

# edit interfaces ethernet eth2 vif 1
# set ipv6 dup-addr-detect-transmits 1
# set ipv6 router-advert cur-hop-limit 64
# set ipv6 router-advert link-mtu 0
# set ipv6 router-advert managed-flag false
# set ipv6 router-advert max-interval 600
# set ipv6 router-advert other-config-flag false
# set ipv6 router-advert prefix ::/64 autonomous-flag true
# set ipv6 router-advert prefix ::/64 on-link-flag true
# set ipv6 router-advert prefix ::/64 valid-lifetime 2592000
# set ipv6 router-advert reachable-time 0
# set ipv6 router-advert retrans-timer 0
# set ipv6 router-advert sent-advert true

OpenVPN
$ sudo -s
# cd /usr/lib/ssl/misc
# ./CA.sh -newca

# ./CA.sh -newreq
# ./CA.sh -sign

# cp demoCA/cacert.pem demoCA/private/cakey.pem /config/auth
# mv newcert.pem /config/auth/host.pem
# mv newkey.pem /config/auth/host.key

 openssl dhparam -out /config/auth/dhp.pem -2 2048

 # ./CA.sh -newreq
# ./CA.sh -sign
# mv newcert.pem /config/auth/client1.pem
# mv newkey.pem /config/auth/client1.key

# openssl rsa -in client1.key -out client1_nopass.key

$ configure
# edit interfaces openvpn vtun0
# set description OpenVPN
# set mode server
# set local-port 443
# set protocol tcp-passive
# set server subnet 192.168.200.0/24
# set server topology subnet
# set server push-route 192.168.103.0/24
# set tls ca-cert-file /config/auth/cacert.pem
# set tls cert-file /config/auth/host.pem
# set tls dh-file /config/auth/dhp.pem
# set tls key-file /config/auth/host.key


# commit
# save

$ openvpn --genkey --secret ta.key  

$ configure  
# set interfaces openvpn vtun0 openvpn-option "--tls-auth /config/auth/openvpn/ta.key 0"  
# commit  
# save  








